INFO: [VRFC 10-2263] Analyzing SystemVerilog file "C:/Vivado Stuff/RV32I_Datapath/RV32I_Datapath.srcs/sources_1/new/ALU.sv" into library xil_defaultlib
INFO: [VRFC 10-311] analyzing module ALU
INFO: [VRFC 10-2263] Analyzing SystemVerilog file "C:/Vivado Stuff/RV32I_Datapath/RV32I_Datapath.srcs/sources_1/new/Register.sv" into library xil_defaultlib
INFO: [VRFC 10-311] analyzing module Register
INFO: [VRFC 10-2263] Analyzing SystemVerilog file "C:/Vivado Stuff/RV32I_Datapath/RV32I_Datapath.srcs/sources_1/new/basys_top.sv" into library xil_defaultlib
INFO: [VRFC 10-311] analyzing module basys_top
INFO: [VRFC 10-2263] Analyzing SystemVerilog file "C:/Vivado Stuff/RV32I_Datapath/RV32I_Datapath.srcs/sources_1/new/rv32i_branch_condition.sv" into library xil_defaultlib
INFO: [VRFC 10-311] analyzing module rv32i_branch_condition
INFO: [VRFC 10-2263] Analyzing SystemVerilog file "C:/Vivado Stuff/RV32I_Datapath/RV32I_Datapath.srcs/sources_1/new/rv32i_branch_immediate_generator.sv" into library xil_defaultlib
INFO: [VRFC 10-311] analyzing module rv32i_branch_immediate_generator
INFO: [VRFC 10-2263] Analyzing SystemVerilog file "C:/Vivado Stuff/RV32I_Datapath/RV32I_Datapath.srcs/sources_1/new/rv32i_core.sv" into library xil_defaultlib
INFO: [VRFC 10-311] analyzing module rv32i_core
INFO: [VRFC 10-2263] Analyzing SystemVerilog file "C:/Vivado Stuff/RV32I_Datapath/RV32I_Datapath.srcs/sources_1/new/rv32i_decoder.sv" into library xil_defaultlib
INFO: [VRFC 10-311] analyzing module rv32i_decoder
INFO: [VRFC 10-2263] Analyzing SystemVerilog file "C:/Vivado Stuff/RV32I_Datapath/RV32I_Datapath.srcs/sources_1/new/rv32i_immediate_gen.sv" into library xil_defaultlib
INFO: [VRFC 10-311] analyzing module rv32i_immediate_gen
INFO: [VRFC 10-2263] Analyzing SystemVerilog file "C:/Vivado Stuff/RV32I_Datapath/RV32I_Datapath.srcs/sources_1/new/rv32i_instruction_memory.sv" into library xil_defaultlib
INFO: [VRFC 10-311] analyzing module rv32i_instruction_memory
INFO: [VRFC 10-2263] Analyzing SystemVerilog file "C:/Vivado Stuff/RV32I_Datapath/RV32I_Datapath.srcs/sources_1/new/rv32i_pc.sv" into library xil_defaultlib
INFO: [VRFC 10-311] analyzing module rv32i_pc
INFO: [VRFC 10-2263] Analyzing SystemVerilog file "C:/Vivado Stuff/RV32I_Datapath/RV32I_Datapath.srcs/sources_1/new/rv32i_top.sv" into library xil_defaultlib
INFO: [VRFC 10-311] analyzing module rv32i_top
INFO: [VRFC 10-2263] Analyzing SystemVerilog file "C:/Vivado Stuff/RV32I_Datapath/RV32I_Datapath.srcs/sim_1/new/basys_top_TB.sv" into library xil_defaultlib
INFO: [VRFC 10-311] analyzing module basys_top_TB
INFO: [VRFC 10-2263] Analyzing Verilog file "C:/Vivado Stuff/RV32I_Datapath/RV32I_Datapath.sim/sim_1/behav/xsim/glbl.v" into library xil_defaultlib
INFO: [VRFC 10-311] analyzing module glbl
